../Core/Src/main.c:89:5:main	104	static
../Core/Src/main.c:180:6:SystemClock_Config	88	static
../Core/Src/main.c:231:13:MX_ADC1_Init	24	static
../Core/Src/main.c:278:13:MX_CAN_Init	8	static
../Core/Src/main.c:315:13:MX_USART2_UART_Init	8	static
../Core/Src/main.c:348:13:MX_GPIO_Init	40	static
../Core/Src/main.c:394:6:StartMoistureTask	24	static
../Core/Src/main.c:419:6:StartWateringTask	24	static
../Core/Src/main.c:448:6:StartCanTask	24	static
../Core/Src/main.c:479:6:HAL_TIM_PeriodElapsedCallback	16	static
../Core/Src/main.c:496:6:Error_Handler	4	static,ignoring_inline_asm
