../Core/Src/main.c:71:5:main	8	static
../Core/Src/main.c:104:6:SystemClock_Config	88	static
../Core/Src/main.c:146:13:MX_ADC1_Init	24	static
../Core/Src/main.c:178:13:MX_CAN_Init	8	static
../Core/Src/main.c:203:13:MX_GPIO_Init	32	static
../Core/Src/main.c:226:13:MX_USART1_UART_Init	8	static
../Core/Src/main.c:249:6:StartSensorTask	56	static
../Core/Src/main.c:276:6:StartWateringTask	16	static
../Core/Src/main.c:298:6:StartCanTask	16	static
../Core/Src/main.c:322:6:Error_Handler	4	static,ignoring_inline_asm
