../Core/Src/main.c:76:5:main	8	static
../Core/Src/main.c:110:6:SystemClock_Config	88	static
../Core/Src/main.c:152:13:MX_ADC1_Init	24	static
../Core/Src/main.c:184:13:MX_CAN_Init	8	static
../Core/Src/main.c:209:13:MX_GPIO_Init	32	static
../Core/Src/main.c:232:13:MX_USART1_UART_Init	8	static
../Core/Src/main.c:255:6:StartSensorTask	56	static
../Core/Src/main.c:284:6:StartWateringTask	24	static
../Core/Src/main.c:309:6:StartCanTask	16	static
../Core/Src/main.c:335:6:Error_Handler	4	static,ignoring_inline_asm
