../Core/Src/main.c:116:5:main	8	static
../Core/Src/main.c:201:6:SystemClock_Config	88	static
../Core/Src/main.c:255:13:MX_ADC1_Init	24	static
../Core/Src/main.c:307:13:MX_CAN1_Init	8	static
../Core/Src/main.c:344:13:MX_USART1_UART_Init	8	static
../Core/Src/main.c:377:13:MX_GPIO_Init	40	static
../Core/Src/main.c:424:6:StartMoistureTask	24	static
../Core/Src/main.c:449:6:StartWateringTask	24	static
../Core/Src/main.c:474:6:StartCanTask	24	static
../Core/Src/main.c:505:6:HAL_TIM_PeriodElapsedCallback	16	static
../Core/Src/main.c:522:6:Error_Handler	4	static,ignoring_inline_asm
